

  PrediChain Contracts
    Market Creation
      Γ£ö Should create a new market
      Γ£ö Should reject invalid market creation
    Trading
      Γ£ö Should allow buying a position
      Γ£ö Should collect trading fees
      1) Should reject trading on expired markets
    Market Resolution
DEBUG: Latest time: 1763772164
DEBUG: Resolution time: 1763944964
      Γ£ö Should resolve market with oracle price (43ms)
    Treasury
      Γ£ö Should collect fees


  6 passing (1s)
  1 failing

  1) PrediChain Contracts
       Trading
         Should reject trading on expired markets:
     Error: VM Exception while processing transaction: reverted with reason string 'Duration too short'
    at PredictionMarket.buyPosition (contracts/PredictionMarket.sol:373)
    at PredictionMarket.createMarket (contracts/PredictionMarket.sol:284)
    at EdrProviderWrapper.request (node_modules\hardhat\src\internal\hardhat-network\provider\provider.ts:434:41)
    at HardhatEthersProvider.estimateGas (node_modules\@nomicfoundation\hardhat-ethers\src\internal\hardhat-ethers-provider.ts:246:27)
    at D:\Predichain\node_modules\@nomicfoundation\hardhat-ethers\src\signers.ts:335:35
    at async Promise.all (index 0)
    at HardhatEthersSigner._sendUncheckedTransaction (node_modules\@nomicfoundation\hardhat-ethers\src\signers.ts:356:7)
    at HardhatEthersSigner.sendTransaction (node_modules\@nomicfoundation\hardhat-ethers\src\signers.ts:181:18)
    at send (node_modules\ethers\src.ts\contract\contract.ts:313:20)
    at Proxy.createMarket (node_modules\ethers\src.ts\contract\contract.ts:352:16)
    at Context.<anonymous> (test\PredictionMarket.test.js:123:18)
  



