

  OracleAdapter - Comprehensive Tests
    Price Updates
      Γ£ö Should allow owner to update price
      Γ£ö Should reject unauthorized price updates
      Γ£ö Should reject zero price
      Γ£ö Should reject empty asset
      1) Should trigger circuit breaker on large deviation
      Γ£ö Should allow updates within deviation limit
      Γ£ö Should update price history
    Batch Updates
      Γ£ö Should allow batch price updates
      Γ£ö Should reject mismatched array lengths
      Γ£ö Should reject batch > 50 assets
      Γ£ö Should reject batch with zero price
    TWAP Calculation
      Γ£ö Should calculate TWAP correctly
      Γ£ö Should reject TWAP period too short
      Γ£ö Should reject TWAP with insufficient history
    Price Validity
      Γ£ö Should reject stale prices
      Γ£ö Should return fresh prices
      Γ£ö Should reject getting invalid prices
    Feeder Authorization
      Γ£ö Should allow owner to authorize feeders
      Γ£ö Should allow authorized feeder to update prices
      Γ£ö Should allow owner to revoke feeder
      Γ£ö Should reject zero address as feeder
    Circuit Breaker
      2) Should block updates when circuit breaker active
      Γ£ö Should allow owner to reset circuit breaker
      Γ£ö Should allow updates after circuit breaker reset
    Availability Check
      Γ£ö Should return true when oracle available
      3) Should return false when circuit breaker active

  PrediChain - Comprehensive Test Suite
    Market Creation
      Γ£ö Should create a market with valid parameters
      Γ£ö Should increment market counter correctly
      Γ£ö Should track user's created markets
      Γ£ö Should reject empty question
      Γ£ö Should reject empty asset
      Γ£ö Should reject zero target price
      Γ£ö Should reject past resolution time
      Γ£ö Should reject too short duration
      Γ£ö Should reject too long duration
      Γ£ö Should emit MarketCreated event with correct parameters
    Position Trading
      Γ£ö Should allow buying YES position
      Γ£ö Should allow buying NO position
      Γ£ö Should calculate and collect 2% trading fee
      Γ£ö Should update market volumes correctly
      Γ£ö Should allow adding to existing position (same side)
      Γ£ö Should reject changing position side
      Γ£ö Should reject trade below minimum
      Γ£ö Should reject trading on expired market
      Γ£ö Should track user's traded markets (39ms)
    Market Resolution
      4) Should resolve market with YES outcome (price above target)
      5) Should resolve market with NO outcome (price below target)
      Γ£ö Should reject resolution before resolution time
      6) Should reject double resolution
    Payout Claims
      7) "before each" hook for "Should allow winner to claim payout"
    Admin Functions
      Γ£ö Should allow owner to pause contract
      Γ£ö Should allow owner to unpause contract
      Γ£ö Should reject non-owner pause attempts
      Γ£ö Should allow owner to cancel market
      Γ£ö Should allow owner to update oracle adapter
      Γ£ö Should reject invalid oracle address
    Gas Usage
      Γ¢╜ createMarket gas used: 286961
      8) Should measure createMarket gas
      Γ¢╜ buyPosition gas used: 295764
      9) Should measure buyPosition gas

  Treasury - Comprehensive Tests
    Fee Collection
      Γ£ö Should collect fees
      Γ£ö Should reject zero fee collection
      Γ£ö Should track total fees collected
    Fee Distribution
      Γ£ö Should distribute fees to recipient
      Γ£ö Should track total fees distributed
      Γ£ö Should reject zero address recipient
      Γ£ö Should reject zero amount
      Γ£ö Should reject insufficient balance
      Γ£ö Should reject non-owner distribution
    Timelock Withdrawals
      Γ£ö Should request withdrawal
      Γ£ö Should execute withdrawal after timelock
      Γ£ö Should reject execution before timelock
      Γ£ö Should reject double execution
      Γ£ö Should allow cancelling withdrawal
      Γ£ö Should check if withdrawal is ready
    Fee Rate Management
      Γ£ö Should allow owner to set fee rate
      Γ£ö Should reject fee rate > 100%
      10) Should reject fee rate > max cap
      Γ£ö Should reject non-owner fee rate change
    View Functions
      Γ£ö Should return correct balance
      Γ£ö Should return withdrawal request details


  69 passing (6s)
  10 failing

  1) OracleAdapter - Comprehensive Tests
       Price Updates
         Should trigger circuit breaker on large deviation:
     HardhatChaiMatchersNonChainableMatcherError: The matcher 'revertedWith' cannot be chained after 'emit'. For more information, please refer to the documentation at: https://hardhat.org/chaining-async-matchers.
      at preventAsyncMatcherChaining (D:\Predichain\node_modules\@nomicfoundation\hardhat-chai-matchers\src\internal\utils.ts:42:9)
      at Proxy.<anonymous> (D:\Predichain\node_modules\@nomicfoundation\hardhat-chai-matchers\src\internal\reverted\revertedWith.ts:36:34)
      at Proxy.methodWrapper (D:\Predichain\node_modules\chai\lib\chai\utils\addMethod.js:57:25)
      at doAsserterAsyncAndAddThen (D:\Predichain\node_modules\chai-as-promised\lib\chai-as-promised.js:289:22)
      at Proxy.<anonymous> (D:\Predichain\node_modules\chai-as-promised\lib\chai-as-promised.js:255:20)
      at Proxy.overwritingMethodWrapper (D:\Predichain\node_modules\chai\lib\chai\utils\overwriteMethod.js:78:33)
      at Context.<anonymous> (D:\Predichain\test\OracleAdapter.test.js:59:28)

  2) OracleAdapter - Comprehensive Tests
       Circuit Breaker
         Should block updates when circuit breaker active:
     AssertionError: Expected transaction to be reverted with reason 'Circuit breaker active', but it didn't revert
      at Context.<anonymous> (test\OracleAdapter.test.js:236:13)

  3) OracleAdapter - Comprehensive Tests
       Availability Check
         Should return false when circuit breaker active:

      AssertionError: expected true to be false
      + expected - actual

      -true
      +false
      
      at Context.<anonymous> (test\OracleAdapter.test.js:271:60)

  4) PrediChain - Comprehensive Test Suite
       Market Resolution
         Should resolve market with YES outcome (price above target):
     Error: VM Exception while processing transaction: reverted with reason string 'Price deviation too high - circuit breaker triggered'
    at OracleAdapter.onlyFeeder (contracts/OracleAdapter.sol:129)
    at OracleAdapter.updatePrice (contracts/OracleAdapter.sol:167)
    at EdrProviderWrapper.request (node_modules\hardhat\src\internal\hardhat-network\provider\provider.ts:434:41)
    at HardhatEthersProvider.estimateGas (node_modules\@nomicfoundation\hardhat-ethers\src\internal\hardhat-ethers-provider.ts:246:27)
    at D:\Predichain\node_modules\@nomicfoundation\hardhat-ethers\src\signers.ts:335:35
    at async Promise.all (index 0)
    at HardhatEthersSigner._sendUncheckedTransaction (node_modules\@nomicfoundation\hardhat-ethers\src\signers.ts:356:7)
    at HardhatEthersSigner.sendTransaction (node_modules\@nomicfoundation\hardhat-ethers\src\signers.ts:181:18)
    at send (node_modules\ethers\src.ts\contract\contract.ts:313:20)
    at Proxy.updatePrice (node_modules\ethers\src.ts\contract\contract.ts:352:16)
    at Context.<anonymous> (test\PredictionMarket.test.js:418:9)
  

  5) PrediChain - Comprehensive Test Suite
       Market Resolution
         Should resolve market with NO outcome (price below target):
     Error: VM Exception while processing transaction: reverted with reason string 'No prices in TWAP period'
    at OracleAdapter.onlyFeeder (contracts/OracleAdapter.sol:129)
    at OracleAdapter.getTWAPPrice (contracts/OracleAdapter.sol:280)
    at PredictionMarket.resolveMarket (contracts/PredictionMarket.sol:467)
    at EdrProviderWrapper.request (node_modules\hardhat\src\internal\hardhat-network\provider\provider.ts:434:41)
    at HardhatEthersProvider.estimateGas (node_modules\@nomicfoundation\hardhat-ethers\src\internal\hardhat-ethers-provider.ts:246:27)
    at D:\Predichain\node_modules\@nomicfoundation\hardhat-ethers\src\signers.ts:335:35
    at async Promise.all (index 0)
    at HardhatEthersSigner._sendUncheckedTransaction (node_modules\@nomicfoundation\hardhat-ethers\src\signers.ts:356:7)
    at HardhatEthersSigner.sendTransaction (node_modules\@nomicfoundation\hardhat-ethers\src\signers.ts:181:18)
    at send (node_modules\ethers\src.ts\contract\contract.ts:313:20)
    at Proxy.resolveMarket (node_modules\ethers\src.ts\contract\contract.ts:352:16)
    at Context.<anonymous> (test\PredictionMarket.test.js:445:7)
  

  6) PrediChain - Comprehensive Test Suite
       Market Resolution
         Should reject double resolution:
     Error: VM Exception while processing transaction: reverted with reason string 'No prices in TWAP period'
    at OracleAdapter.onlyFeeder (contracts/OracleAdapter.sol:129)
    at OracleAdapter.getTWAPPrice (contracts/OracleAdapter.sol:280)
    at PredictionMarket.resolveMarket (contracts/PredictionMarket.sol:467)
    at EdrProviderWrapper.request (node_modules\hardhat\src\internal\hardhat-network\provider\provider.ts:434:41)
    at HardhatEthersProvider.estimateGas (node_modules\@nomicfoundation\hardhat-ethers\src\internal\hardhat-ethers-provider.ts:246:27)
    at D:\Predichain\node_modules\@nomicfoundation\hardhat-ethers\src\signers.ts:335:35
    at async Promise.all (index 0)
    at HardhatEthersSigner._sendUncheckedTransaction (node_modules\@nomicfoundation\hardhat-ethers\src\signers.ts:356:7)
    at HardhatEthersSigner.sendTransaction (node_modules\@nomicfoundation\hardhat-ethers\src\signers.ts:181:18)
    at send (node_modules\ethers\src.ts\contract\contract.ts:313:20)
    at Proxy.resolveMarket (node_modules\ethers\src.ts\contract\contract.ts:352:16)
    at Context.<anonymous> (test\PredictionMarket.test.js:470:7)
  

  7) PrediChain - Comprehensive Test Suite
       Payout Claims
         "before each" hook for "Should allow winner to claim payout":
     Error: VM Exception while processing transaction: reverted with reason string 'Duration too short'
    at PredictionMarket.buyPosition (contracts/PredictionMarket.sol:373)
    at PredictionMarket.createMarket (contracts/PredictionMarket.sol:284)
    at EdrProviderWrapper.request (node_modules\hardhat\src\internal\hardhat-network\provider\provider.ts:434:41)
    at HardhatEthersProvider.estimateGas (node_modules\@nomicfoundation\hardhat-ethers\src\internal\hardhat-ethers-provider.ts:246:27)
    at D:\Predichain\node_modules\@nomicfoundation\hardhat-ethers\src\signers.ts:335:35
    at async Promise.all (index 0)
    at HardhatEthersSigner._sendUncheckedTransaction (node_modules\@nomicfoundation\hardhat-ethers\src\signers.ts:356:7)
    at HardhatEthersSigner.sendTransaction (node_modules\@nomicfoundation\hardhat-ethers\src\signers.ts:181:18)
    at send (node_modules\ethers\src.ts\contract\contract.ts:313:20)
    at Proxy.createMarket (node_modules\ethers\src.ts\contract\contract.ts:352:16)
    at Context.<anonymous> (test\PredictionMarket.test.js:487:7)
  

  8) PrediChain - Comprehensive Test Suite
       Gas Usage
         Should measure createMarket gas:

      AssertionError: expected 286961 to be below 200000.
      + expected - actual

      -286961
      +200000
      
      at Context.<anonymous> (test\PredictionMarket.test.js:669:37)

  9) PrediChain - Comprehensive Test Suite
       Gas Usage
         Should measure buyPosition gas:

      AssertionError: expected 295764 to be below 150000.
      + expected - actual

      -295764
      +150000
      
      at Context.<anonymous> (test\PredictionMarket.test.js:689:37)

  10) Treasury - Comprehensive Tests
       Fee Rate Management
         Should reject fee rate > max cap:
     AssertionError: Expected transaction to be reverted with reason 'Rate exceeds cap', but it reverted with reason 'Rate exceeds 100%'
      at Context.<anonymous> (test\Treasury.test.js:236:13)



